
[1m[46m RUN [49m[22m [36mv4.0.13 [39m[90mC:/Users/ssdsk/mastra[39m


node.exe : 
At line:1 char:1
+ & 
"C:\nvm4w\nodejs/node.exe" "C
:\nvm4w\nodejs/node_modules/n
pm/bin/np ...
+ ~~~~~~~~~~~~~~~~~~~~~~~~~~~
~~~~~~~~~~~~~~~~~~~~~~~~~~~~~
~~~~~~~~~~~~~
    + CategoryInfo           
   : NotSpecified: (:String  
  ) [], RemoteException
    + FullyQualifiedErrorId  
   : NativeCommandError
 
[31mΓÄ»ΓÄ»ΓÄ»ΓÄ»ΓÄ»ΓÄ»[39m
[1m[41m Failed Suites 1 [49
m[22m[31mΓÄ»ΓÄ»ΓÄ»ΓÄ»ΓÄ»ΓÄ»
ΓÄ»[39m

[41m[1m FAIL [22m[49m src
/mastra/tools/tests/csv-to-js
on.tool.test.ts[2m [ src/mas
tra/tools/tests/csv-to-json.t
ool.test.ts ][22m
[31m[1mError[22m: Failed 
to resolve import 
"@testing-library/jest-dom" 
from "testSetup.ts". Does 
the file exist?[39m
  Plugin: [35mvite:import-an
alysis[39m
  File: [36mC:/Users/ssdsk/m
astra/testSetup.ts[39m:23:0
[33m  12 |  const 
__vi_import_0__ = await 
import("@mastra/evals");
  13 |  const 
__vi_import_1__ = await 
import("./src/mastra/index");
  14 |  const 
__vi_import_2__ = await impor
t("@testing-library/jest-dom"
);
     |                       
                ^
  15 |  import { beforeAll, 
vi } from "vitest";
  16 |  [39m
[90m [2mΓ¥»[22m TransformP
luginContext._formatLog node_
modules/vite/dist/node/chunks
/config.js:[2m29647:43[22m
[39m
[90m [2mΓ¥»[22m 
TransformPluginContext.error 
node_modules/vite/dist/node/c
hunks/config.js:[2m29644:14
[22m[39m
[90m [2mΓ¥»[22m 
normalizeUrl node_modules/vit
e/dist/node/chunks/config.js:
[2m27767:18[22m[39m
[90m [2mΓ¥»[22m node_modul
es/vite/dist/node/chunks/conf
ig.js:[2m27825:32[22m[39m
[90m [2mΓ¥»[22m TransformP
luginContext.transform node_m
odules/vite/dist/node/chunks/
config.js:[2m27793:4[22m[3
9m
[90m [2mΓ¥»[22m Environmen
tPluginContainer.transform no
de_modules/vite/dist/node/chu
nks/config.js:[2m29445:14[2
2m[39m
[90m [2mΓ¥»[22m 
loadAndTransform node_modules
/vite/dist/node/chunks/config
.js:[2m23316:26[22m[39m

[31m[2mΓÄ»ΓÄ»ΓÄ»ΓÄ»ΓÄ»ΓÄ»ΓÄ
»ΓÄ»ΓÄ»ΓÄ»ΓÄ»ΓÄ»ΓÄ»ΓÄ»ΓÄ»ΓÄ»Γ
Ä»ΓÄ»ΓÄ»ΓÄ»ΓÄ»ΓÄ»ΓÄ»ΓÄ»[1/1]Γ
Ä»[22m[39m


[2m Test Files [22m [1m[31m1 failed[39m[22m[90m (1)[39m
[2m      Tests [22m [2mno tests[22m
[2m   Start at [22m 06:36:04
[2m   Duration [22m 956ms[2m (transform 0ms, setup 0ms, collect 0ms, tests 0ms, environment 593ms, prepare 12ms)[22m

JSON report written to C:/Users/ssdsk/mastra/tests/test-results/test-results.json
